2010: 605 player-seasons (scale 4.83)
2011: 614 player-seasons (scale 4.87)
2012: 614 player-seasons (scale 4.71)
2013: 630 player-seasons (scale 5.08)
2014: 620 player-seasons (scale 5.76)
2015: 621 player-seasons (scale 5.94)
2016: 624 player-seasons (scale 5.94)
2017: 622 player-seasons (scale 6.13)
2018: 627 player-seasons (scale 6.34)
2019: 630 player-seasons (scale 5.77)
2020: 162 player-seasons (scale 11.52)
2021: 630 player-seasons (scale 5.75)
2022: 625 player-seasons (scale 6.44)
2023: 629 player-seasons (scale 7.17)
2024: 627 player-seasons (scale 7.50)

=== Players the OLD market would OVERPAY most (modern GM's marks?) ===
name               primary_pos
Pete Alonso        1B             $+32M
Nolan Arenado      3B             $+27M
Craig Kimbrel      P              $+26M
Trevor Rosenthal   P              $+24M
Edwin Diaz         P              $+23M
Aaron Judge        OF             $+20M
Spencer Strider    P              $+19M
Vladimir Guerrero  1B             $+18M
Adolis Garcia      OF             $+18M
Chris Davis        1B             $+16M
Cody Bellinger     OF             $+16M
Spencer Torkelson  1B             $+15M
Josh Bell          1B             $+14M
Ryan Helsley       P              $+14M
Ronald Acuña       OF             $+14M

=== Players the OLD market UNDERPAYS most (the Moneyball discount) ===
name              primary_pos
Zack Greinke      P              $-141M
Nolan Arenado     3B             $-134M
Max Scherzer      P              $-130M
Clayton Kershaw   P              $-112M
Mike Trout        OF              $-89M
Carlos Correa     SS              $-87M
Gerrit Cole       P               $-87M
David Price       P               $-83M
Justin Verlander  P               $-76M
Jacob deGrom      P               $-63M
Anthony Rendon    3B              $-59M
Corey Seager      SS              $-55M
Miguel Cabrera    1B              $-54M
Alex Rodriguez    3B              $-53M
Aaron Judge       OF              $-30M

H1: corr(OLD overpayment $, stat) across player-seasons:
  RBI : +0.015
  HR  : +0.060
  BB  : -0.046
  RBI-BB gap should be POSITIVE: old model chases RBI, ignores walks

Within WAR bins, corr(walks, OLD overpayment) — Moneyball says NEGATIVE:
war_bin
(-3.291, -0.31]   -0.153289
(-0.31, 0.33]     -0.185967
(0.33, 0.8]       -0.020475
(0.8, 1.34]       -0.154547
(1.34, 2.0]       -0.119038
(2.0, 2.78]       -0.092526
(2.78, 3.999]     -0.026534
(3.999, 10.9]     -0.013780

average: -0.096
